/root/miniconda3/envs/pytorchT/lib/python3.10/site-packages/torch/distributed/launch.py:207: FutureWarning: The module torch.distributed.launch is deprecated
and will be removed in future. Use torchrun.
Note that --use-env is set by default in torchrun.
If your script expects `--local-rank` argument to be set, please
change it to read from `os.environ['LOCAL_RANK']` instead. See 
https://pytorch.org/docs/stable/distributed.html#launch-utility for 
further instructions

  main()
xFormers not available
xFormers not available
[2025-11-12 09:44:54,865][    INFO] {'backbone': 'dinov2_small',
 'batch_size': 2,
 'conf_thresh': 0.92,
 'config': 'configs/pascal_PC.yaml',
 'criterion': {'kwargs': {'ignore_index': 255}, 'name': 'CELoss'},
 'crop_size': 480,
 'data_root': '\\DeepLearning_linux\\Dataset\\VOC2012',
 'dataset': 'pascal',
 'epochs': 90,
 'labeled_id_path': 'splits/pascal_PC/366/labeled.txt',
 'local_rank': 0,
 'lock_backbone': False,
 'lr': 5e-06,
 'lr_multi': 30.0,
 'model': 'dpt',
 'nclass': 21,
 'ngpus': 1,
 'port': 456,
 'save_path': 'exp/pascal_PC/unimatch_v2/dinov2_small/366',
 'unlabeled_id_path': 'splits/pascal_PC/366/unlabeled.txt'}

[2025-11-12 09:44:55,379][    INFO] Total params: 24.8M
[2025-11-12 09:44:55,380][    INFO] Encoder params: 22.1M
[2025-11-12 09:44:55,380][    INFO] Decoder params: 2.7M

[rank0]: Traceback (most recent call last):
[rank0]:   File "/DeepLearning_linux/Projects/UniMatch-V2-Mybranch/unimatch_v2.py", line 425, in <module>
[rank0]:     main()
[rank0]:   File "/DeepLearning_linux/Projects/UniMatch-V2-Mybranch/unimatch_v2.py", line 159, in main
[rank0]:     trainset_u = SemiDataset(
[rank0]:   File "/DeepLearning_linux/Projects/UniMatch-V2-Mybranch/dataset/semi.py", line 23, in __init__
[rank0]:     with open(id_path, 'r') as f:
[rank0]: FileNotFoundError: [Errno 2] No such file or directory: 'splits/pascal_PC/366/unlabeled.txt'
[rank0]:[W1112 09:44:56.035300870 ProcessGroupNCCL.cpp:1479] Warning: WARNING: destroy_process_group() was not called before program exit, which can leak resources. For more info, please see https://pytorch.org/docs/stable/distributed.html#shutdown (function operator())
E1112 09:44:57.392191 162734 site-packages/torch/distributed/elastic/multiprocessing/api.py:874] failed (exitcode: 1) local_rank: 0 (pid: 162773) of binary: /root/miniconda3/envs/pytorchT/bin/python
Traceback (most recent call last):
  File "/root/miniconda3/envs/pytorchT/lib/python3.10/runpy.py", line 196, in _run_module_as_main
    return _run_code(code, main_globals, None,
  File "/root/miniconda3/envs/pytorchT/lib/python3.10/runpy.py", line 86, in _run_code
    exec(code, run_globals)
  File "/root/miniconda3/envs/pytorchT/lib/python3.10/site-packages/torch/distributed/launch.py", line 207, in <module>
    main()
  File "/root/miniconda3/envs/pytorchT/lib/python3.10/site-packages/typing_extensions.py", line 3004, in wrapper
    return arg(*args, **kwargs)
  File "/root/miniconda3/envs/pytorchT/lib/python3.10/site-packages/torch/distributed/launch.py", line 203, in main
    launch(args)
  File "/root/miniconda3/envs/pytorchT/lib/python3.10/site-packages/torch/distributed/launch.py", line 188, in launch
    run(args)
  File "/root/miniconda3/envs/pytorchT/lib/python3.10/site-packages/torch/distributed/run.py", line 883, in run
    elastic_launch(
  File "/root/miniconda3/envs/pytorchT/lib/python3.10/site-packages/torch/distributed/launcher/api.py", line 139, in __call__
    return launch_agent(self._config, self._entrypoint, list(args))
  File "/root/miniconda3/envs/pytorchT/lib/python3.10/site-packages/torch/distributed/launcher/api.py", line 270, in launch_agent
    raise ChildFailedError(
torch.distributed.elastic.multiprocessing.errors.ChildFailedError: 
============================================================
unimatch_v2.py FAILED
------------------------------------------------------------
Failures:
  <NO_OTHER_FAILURES>
------------------------------------------------------------
Root Cause (first observed failure):
[0]:
  time      : 2025-11-12_09:44:57
  host      : MyHonorComputer.localdomain
  rank      : 0 (local_rank: 0)
  exitcode  : 1 (pid: 162773)
  error_file: <N/A>
  traceback : To enable traceback see: https://pytorch.org/docs/stable/elastic/errors.html
============================================================
