/root/miniconda3/envs/pytorchGTA/lib/python3.10/site-packages/torch/distributed/launch.py:208: FutureWarning: The module torch.distributed.launch is deprecated
and will be removed in future. Use torchrun.
Note that --use-env is set by default in torchrun.
If your script expects `--local-rank` argument to be set, please
change it to read from `os.environ['LOCAL_RANK']` instead. See 
https://pytorch.org/docs/stable/distributed.html#launch-utility for 
further instructions

  main()
xFormers not available
xFormers not available
[2025-11-15 13:47:40,393][    INFO] {'backbone': 'dinov2_small',
 'batch_size': 8,
 'conf_thresh': 0.92,
 'config': 'configs/pascal.yaml',
 'criterion': {'kwargs': {'ignore_index': 255}, 'name': 'CELoss'},
 'crop_size': 476,
 'data_root': '/root/autodl-tmp/VOC2012',
 'dataset': 'pascal',
 'epochs': 90,
 'labeled_id_path': 'splits/pascal/183/labeled.txt',
 'local_rank': 0,
 'lock_backbone': False,
 'lr': 6e-05,
 'lr_multi': 30.0,
 'model': 'dpt',
 'nclass': 21,
 'ngpus': 1,
 'port': 1234,
 'save_path': 'exp/pascal/unimatch_v2/dinov2_small/183',
 'unlabeled_id_path': 'splits/pascal/183/unlabeled.txt'}

/root/UniMatch-V2-Mybranch/unimatch_v2.py:91: FutureWarning: You are using `torch.load` with `weights_only=False` (the current default value), which uses the default pickle module implicitly. It is possible to construct malicious pickle data which will execute arbitrary code during unpickling (See https://github.com/pytorch/pytorch/blob/main/SECURITY.md#untrusted-models for more details). In a future release, the default value for `weights_only` will be flipped to `True`. This limits the functions that could be executed during unpickling. Arbitrary objects will no longer be allowed to be loaded via this mode unless they are explicitly allowlisted by the user via `torch.serialization.add_safe_globals`. We recommend you start setting `weights_only=True` for any use case where you don't have full control of the loaded file. Please open an issue on GitHub for any issues related to this experimental feature.
  state_dict = torch.load(f'./pretrained/{cfg["backbone"]}.pth')
[2025-11-15 13:47:40,888][    INFO] Total params: 24.8M
[2025-11-15 13:47:40,888][    INFO] Encoder params: 22.1M
[2025-11-15 13:47:40,889][    INFO] Decoder params: 2.7M

[2025-11-15 13:47:41,273][    INFO] ===========> Epoch: 0, Previous best: 0.00 @epoch-0, EMA: 0.00 @epoch-0
/root/miniconda3/envs/pytorchGTA/lib/python3.10/site-packages/torch/autograd/graph.py:769: UserWarning: Grad strides do not match bucket view strides. This may indicate grad was not created according to the gradient layout contract, or that the param's strides changed since DDP was constructed.  This is not an error, but may impair performance.
grad.sizes() = [21, 64, 1, 1], strides() = [64, 1, 64, 64]
bucket_view.sizes() = [21, 64, 1, 1], strides() = [64, 1, 1, 1] (Triggered internally at ../torch/csrc/distributed/c10d/reducer.cpp:327.)
  return Variable._execution_engine.run_backward(  # Calls into the C++ engine to run the backward pass
[2025-11-15 13:47:47,388][    INFO] Iters: 0, LR: 0.0000600, Total loss: 1.524, Loss x: 3.048, Loss s: 0.000, Mask ratio: 0.000
[rank0]: Traceback (most recent call last):
[rank0]:   File "/root/UniMatch-V2-Mybranch/unimatch_v2.py", line 425, in <module>
[rank0]:     main()
[rank0]:   File "/root/UniMatch-V2-Mybranch/unimatch_v2.py", line 285, in main
[rank0]:     pred_u_s1, pred_u_s2 = model(torch.cat((img_u_s1, img_u_s2)), comp_drop=True).chunk(2)
[rank0]:   File "/root/miniconda3/envs/pytorchGTA/lib/python3.10/site-packages/torch/nn/modules/module.py", line 1553, in _wrapped_call_impl
[rank0]:     return self._call_impl(*args, **kwargs)
[rank0]:   File "/root/miniconda3/envs/pytorchGTA/lib/python3.10/site-packages/torch/nn/modules/module.py", line 1562, in _call_impl
[rank0]:     return forward_call(*args, **kwargs)
[rank0]:   File "/root/miniconda3/envs/pytorchGTA/lib/python3.10/site-packages/torch/nn/parallel/distributed.py", line 1638, in forward
[rank0]:     return self._post_forward(output)
[rank0]:   File "/root/miniconda3/envs/pytorchGTA/lib/python3.10/site-packages/torch/nn/parallel/distributed.py", line 1613, in _post_forward
[rank0]:     passthrough_tensor_list = _DDPSink.apply(
[rank0]:   File "/root/miniconda3/envs/pytorchGTA/lib/python3.10/site-packages/torch/autograd/function.py", line 574, in apply
[rank0]:     return super().apply(*args, **kwargs)  # type: ignore[misc]
[rank0]:   File "/root/miniconda3/envs/pytorchGTA/lib/python3.10/site-packages/torch/nn/parallel/distributed.py", line 250, in forward
[rank0]:     ret = tuple(
[rank0]:   File "/root/miniconda3/envs/pytorchGTA/lib/python3.10/site-packages/torch/nn/parallel/distributed.py", line 251, in <genexpr>
[rank0]:     inp.clone() if isinstance(inp, torch.Tensor) else inp for inp in inputs
[rank0]: torch.OutOfMemoryError: CUDA out of memory. Tried to allocate 292.00 MiB. GPU 0 has a total capacity of 23.52 GiB of which 45.38 MiB is free. Process 488823 has 386.00 MiB memory in use. Including non-PyTorch memory, this process has 23.07 GiB memory in use. Of the allocated memory 21.36 GiB is allocated by PyTorch, and 1.11 GiB is reserved by PyTorch but unallocated. If reserved but unallocated memory is large try setting PYTORCH_CUDA_ALLOC_CONF=expandable_segments:True to avoid fragmentation.  See documentation for Memory Management  (https://pytorch.org/docs/stable/notes/cuda.html#environment-variables)
E1115 13:48:04.314000 139677576415040 torch/distributed/elastic/multiprocessing/api.py:833] failed (exitcode: 1) local_rank: 0 (pid: 544550) of binary: /root/miniconda3/envs/pytorchGTA/bin/python
Traceback (most recent call last):
  File "/root/miniconda3/envs/pytorchGTA/lib/python3.10/runpy.py", line 196, in _run_module_as_main
    return _run_code(code, main_globals, None,
  File "/root/miniconda3/envs/pytorchGTA/lib/python3.10/runpy.py", line 86, in _run_code
    exec(code, run_globals)
  File "/root/miniconda3/envs/pytorchGTA/lib/python3.10/site-packages/torch/distributed/launch.py", line 208, in <module>
    main()
  File "/root/miniconda3/envs/pytorchGTA/lib/python3.10/site-packages/typing_extensions.py", line 3004, in wrapper
    return arg(*args, **kwargs)
  File "/root/miniconda3/envs/pytorchGTA/lib/python3.10/site-packages/torch/distributed/launch.py", line 204, in main
    launch(args)
  File "/root/miniconda3/envs/pytorchGTA/lib/python3.10/site-packages/torch/distributed/launch.py", line 189, in launch
    run(args)
  File "/root/miniconda3/envs/pytorchGTA/lib/python3.10/site-packages/torch/distributed/run.py", line 892, in run
    elastic_launch(
  File "/root/miniconda3/envs/pytorchGTA/lib/python3.10/site-packages/torch/distributed/launcher/api.py", line 133, in __call__
    return launch_agent(self._config, self._entrypoint, list(args))
  File "/root/miniconda3/envs/pytorchGTA/lib/python3.10/site-packages/torch/distributed/launcher/api.py", line 264, in launch_agent
    raise ChildFailedError(
torch.distributed.elastic.multiprocessing.errors.ChildFailedError: 
============================================================
unimatch_v2.py FAILED
------------------------------------------------------------
Failures:
  <NO_OTHER_FAILURES>
------------------------------------------------------------
Root Cause (first observed failure):
[0]:
  time      : 2025-11-15_13:48:04
  host      : autodl-container-8fc0409877-fc265765
  rank      : 0 (local_rank: 0)
  exitcode  : 1 (pid: 544550)
  error_file: <N/A>
  traceback : To enable traceback see: https://pytorch.org/docs/stable/elastic/errors.html
============================================================
